// Jest Snapshot v1, https://goo.gl/fbAQLP

exports[`FizzBuzz FizzBuzz snapshot test 1`] = `
Array [
  "1",
  "2",
  "Fizz",
  "4",
  "Buzz",
  "Fizz",
  "7",
  "8",
  "Fizz",
  "Buzz",
  "11",
  "Fizz",
  "13",
  "14",
  "FizzBuzz",
  "16",
]
`;
