// Jest Snapshot v1, https://goo.gl/fbAQLP

exports[`MultiLineString MultiLineString snapshot test 1`] = `
"Hello
World
Hello
World
Hello
World
"
`;
